\BOOKMARK [0][-]{chapter.1}{\376\377\000C\000o\000n\000f\000i\000g\000u\000r\000a\000c\000i\000o\000n}{}% 1
\BOOKMARK [1][-]{section.1.1}{\376\377\000c\000r\000a\000z\000y\000f\000l\000i\000e\000s\000.\000y\000a\000m\000l}{chapter.1}% 2
\BOOKMARK [1][-]{section.1.2}{\376\377\000m\000o\000t\000i\000o\000n\000\137\000c\000a\000p\000t\000u\000r\000e\000.\000y\000a\000m\000l}{chapter.1}% 3
\BOOKMARK [1][-]{section.1.3}{\376\377\000s\000e\000r\000v\000e\000r\000.\000y\000a\000m\000l}{chapter.1}% 4
\BOOKMARK [1][-]{section.1.4}{\376\377\000M\000o\000d\000u\000l\000o\000s\000\040\000C\000r\000a\000z\000y\000r\000a\000d\000i\000o\000\040\000P\000A}{chapter.1}% 5
\BOOKMARK [0][-]{chapter.2}{\376\377\000C\000o\000m\000a\000n\000d\000o\000s}{}% 6
\BOOKMARK [1][-]{section.2.1}{\376\377\000C\000r\000a\000z\000y\000f\000l\000i\000e\000\040\000S\000e\000r\000v\000e\000r}{chapter.2}% 7
\BOOKMARK [1][-]{section.2.2}{\376\377\000R\000u\000t\000i\000n\000a\000s\000\040\000i\000n\000d\000i\000v\000i\000d\000u\000a\000l\000e\000s}{chapter.2}% 8
\BOOKMARK [1][-]{section.2.3}{\376\377\000R\000u\000t\000i\000n\000a\000s\000\040\000d\000e\000\040\000e\000n\000j\000a\000m\000b\000r\000e}{chapter.2}% 9
\BOOKMARK [1][-]{section.2.4}{\376\377\000c\000f\000G\000u\000i\000.\000p\000y}{chapter.2}% 10
\BOOKMARK [0][-]{chapter.3}{\376\377\000R\000u\000t\000i\000n\000a\000s\000\040\000d\000e\000\040\000v\000u\000e\000l\000o\000\040\000i\000n\000d\000i\000v\000i\000d\000u\000a\000l\000e\000s}{}% 11
\BOOKMARK [1][-]{section.3.1}{\376\377\000h\000o\000v\000e\000r}{chapter.3}% 12
\BOOKMARK [1][-]{section.3.2}{\376\377\000g\000o\000T\000o\000I\000n\000i\000t\000i\000a\000l\000P\000o\000s\000i\000t\000i\000o\000n}{chapter.3}% 13
\BOOKMARK [1][-]{section.3.3}{\376\377\000g\000o\000T\000o\000O\000r\000i\000g\000i\000n}{chapter.3}% 14
\BOOKMARK [1][-]{section.3.4}{\376\377\000g\000o\000T\000o\000R\000i\000g\000i\000d\000B\000o\000d\000y}{chapter.3}% 15
\BOOKMARK [1][-]{section.3.5}{\376\377\000g\000o\000T\000o\000C\000h\000a\000r\000g\000i\000n\000g\000S\000t\000a\000t\000i\000o\000n}{chapter.3}% 16
\BOOKMARK [1][-]{section.3.6}{\376\377\000f\000o\000l\000l\000o\000w\000R\000i\000g\000i\000d\000B\000o\000d\000y}{chapter.3}% 17
\BOOKMARK [1][-]{section.3.7}{\376\377\000O\000t\000r\000o\000s\000\040\000n\000o\000d\000o\000s}{chapter.3}% 18
\BOOKMARK [1][-]{section.3.8}{\376\377\000C\000r\000e\000a\000c\000i\000o\000n\000\040\000d\000e\000\040\000r\000u\000t\000i\000n\000a\000s}{chapter.3}% 19
\BOOKMARK [0][-]{chapter.4}{\376\377\000R\000u\000t\000i\000n\000a\000s\000\040\000d\000e\000\040\000v\000u\000e\000l\000o\000\040\000e\000n\000\040\000e\000n\000j\000a\000m\000b\000r\000e}{}% 20
\BOOKMARK [1][-]{section.4.1}{\376\377\000m\000u\000l\000t\000i\000\137\000h\000o\000v\000e\000r}{chapter.4}% 21
\BOOKMARK [1][-]{section.4.2}{\376\377\000m\000u\000l\000t\000i\000\137\000g\000o\000T\000o\000I\000n\000i\000t\000i\000a\000l\000P\000o\000s\000i\000t\000i\000o\000n}{chapter.4}% 22
\BOOKMARK [1][-]{section.4.3}{\376\377\000m\000u\000l\000t\000i\000\137\000g\000o\000T\000o\000R\000i\000g\000i\000d\000B\000o\000d\000y}{chapter.4}% 23
\BOOKMARK [1][-]{section.4.4}{\376\377\000m\000u\000l\000t\000i\000\137\000f\000o\000l\000l\000o\000w\000R\000i\000g\000i\000d\000B\000o\000d\000y}{chapter.4}% 24
